// Jest Snapshot v1, https://goo.gl/fbAQLP

exports[`JourneyRouter should take a snapshot 1`] = `
<DocumentFragment>
  <nav
    class="sidenav---sidenav---_2tBP sidenav---expanded---1KdUL"
  >
    <button
      aria-expanded="true"
      class="sidenav---sidenav-toggle---1KRjR"
      data-testid="toggleNavBar"
      role="button"
    >
      <span
        class="sidenav---icon-bar---u1f02"
      />
      <span
        class="sidenav---icon-bar---u1f02"
      />
      <span
        class="sidenav---icon-bar---u1f02"
      />
    </button>
    <div
      class="NavBarHeader"
      data-testid="headerContainer"
      style="display: block;"
    >
      <div
        class="NavBarHeader-Title"
        data-testid="headerTitle"
      >
        Cards Game
      </div>
    </div>
    <div
      class="sidenav---sidenav-nav---3tvij sidenav---expanded---1KdUL"
      role="menu"
    >
      <div
        class="sidenav---sidenav-navitem---uwIJ-"
        role="presentation"
      >
        <div
          class="sidenav---navitem---9uL5T"
          data-testid="home"
          role="menuitem"
          tabindex="-1"
        >
          <div
            class="sidenav---navicon---3gCRo"
          >
            <i
              class="fa fa-fw fa-home NavBar-Icon"
            />
          </div>
          <div
            class="sidenav---navtext---1AE_f"
            style="font-size: 1.3em; vertical-align: middle;"
          >
            Home
          </div>
        </div>
      </div>
    </div>
  </nav>
  <div
    class="Container"
  >
    <div
      class="MainComponent"
      data-testid="mainComponent"
      style="margin-left: 240px;"
    >
      <div
        class="HomePage"
      >
        <h2>
          Cards Game App
        </h2>
        <h3>
          App Description
        </h3>
        <h4>
          Instructions
        </h4>
        <p>
          Instructions will be here.
        </p>
      </div>
    </div>
  </div>
</DocumentFragment>
`;
